// Jest Snapshot v1, https://goo.gl/fbAQLP

exports[`ProductTitle Debe de mostrar el componente conel nombre del producto 1`] = `
<div
  className="productCard undefined"
>
  <span
    className="productDescription undefined"
  >
    Coffe Mug - sin img
  </span>
</div>
`;

exports[`ProductTitle Debe mostrar el componente con el t√≠tulo Personalizado 1`] = `
<span
  className="productDescription custom-class"
>
  Custom Product
</span>
`;
